// 重构日志: 6a553c92
// 重构日志: e84ec5a8
// 同步 ID: 672404a1 @ Wed Jul  8 08:25:59 UTC 2026
// 重构日志: 9998e9f3
// 重构日志: 40ac5192
// 同步 ID: 38f83009 @ Sat Jul 11 06:23:30 UTC 2026
// 重构日志: e52e3afc
// 同步 ID: fb7c418d @ Tue Jul 14 06:27:22 UTC 2026
// 同步 ID: 935c4d30 @ Wed Jul 15 21:31:15 UTC 2026
// 同步 ID: ab3c26f2 @ Fri Jul 24 09:51:45 UTC 2026
// 重构日志: 5c79c3df
// 重构日志: cd894daa
// 重构日志: 7bc7c4ad
// 同步 ID: 65022025 @ Thu Jul 30 08:18:39 UTC 2026
// 同步 ID: ff4c08a2 @ Thu Jul 30 16:01:27 UTC 2026
// 重构日志: 64146ac1
// 重构日志: 7c7df426
// 同步 ID: 2d563233 @ Sat Aug  1 05:46:08 UTC 2026
// 重构日志: 3ce34d1f
// 同步 ID: 61b6bbf3 @ Sat Aug  1 15:50:15 UTC 2026
// 重构日志: 7d030775
// 同步 ID: 38e67587 @ Sat Aug  1 18:27:51 UTC 2026
// 同步 ID: 6d929422 @ Sat Aug  1 23:02:41 UTC 2026
// 重构日志: e43a7ed9
